#-----------------------------------------------------------
# PlanAhead v14.7 (64-bit)
# Build 321239 by xbuild on Fri Sep 27 19:24:36 MDT 2013
# Start of session at: Mon Jan 20 16:05:05 2020
# Process ID: 18267
# Log file: /media/debarsho/hacker/CS220Labs/Lab2_3/eight_bit_comparator/planAhead_run_1/planAhead.log
# Journal file: /media/debarsho/hacker/CS220Labs/Lab2_3/eight_bit_comparator/planAhead_run_1/planAhead.jou
#-----------------------------------------------------------
start_gui
source /media/debarsho/hacker/CS220Labs/Lab2_3/eight_bit_comparator/pa.fromHdl.tcl
update_compile_order -fileset sim_1
startgroup
set_property package_pin N17 [get_ports {y[3]}]
endgroup
startgroup
set_property package_pin H18 [get_ports {y[2]}]
endgroup
startgroup
set_property package_pin L14 [get_ports {y[1]}]
endgroup
startgroup
set_property package_pin L13 [get_ports {y[0]}]
endgroup
set_property iostandard LVTTL [get_ports [list {y[3]} {y[2]} {y[1]} {y[0]}]]
set_property pulltype PULLUP [get_ports [list {y[3]} {y[2]} {y[1]} {y[0]}]]
startgroup
set_property package_pin E11 [get_ports eo]
endgroup
startgroup
set_property package_pin E12 [get_ports go]
endgroup
startgroup
set_property package_pin F12 [get_ports lo]
endgroup
set_property iostandard LVTTL [get_ports [list eo]]
set_property iostandard LVTTL [get_ports [list go]]
set_property iostandard LVTTL [get_ports [list lo]]
set_property iostandard LVTTL [get_ports [list pb1]]
set_property iostandard LVTTL [get_ports [list pb2]]
set_property iostandard LVTTL [get_ports [list pb3]]
set_property iostandard LVTTL [get_ports [list pb4]]
set_property drive 8 [get_ports [list eo]]
set_property drive 8 [get_ports [list go]]
set_property drive 8 [get_ports [list lo]]
startgroup
set_property package_pin V4 [get_ports pb1]
endgroup
startgroup
set_property package_pin K17 [get_ports pb2]
endgroup
startgroup
set_property package_pin H13 [get_ports pb3]
endgroup
startgroup
set_property package_pin D18 [get_ports pb4]
endgroup
set_property pulltype PULLDOWN [get_ports [list pb1]]
set_property pulltype PULLDOWN [get_ports [list pb2]]
set_property pulltype PULLDOWN [get_ports [list pb3]]
set_property pulltype PULLDOWN [get_ports [list pb4]]
save_constraints
