--------------------------------------------------------------------------------
Release 14.7 Trace  (lin64)
Copyright (c) 1995-2013 Xilinx, Inc.  All rights reserved.

/opt/Xilinx/14.7/ISE_DS/ISE/bin/lin64/unwrapped/trce -intstyle ise -v 3 -s 4 -n
3 -fastpaths -xml Sevenfulladder.twx Sevenfulladder.ncd -o Sevenfulladder.twr
Sevenfulladder.pcf -ucf Sevenfulladder.ucf

Design file:              Sevenfulladder.ncd
Physical constraint file: Sevenfulladder.pcf
Device,package,speed:     xc3s500e,fg320,-4 (PRODUCTION 1.27 2013-10-13)
Report level:             verbose report

Environment Variable      Effect 
--------------------      ------ 
NONE                      No environment variables were set
--------------------------------------------------------------------------------

INFO:Timing:2698 - No timing constraints found, doing default enumeration.
INFO:Timing:3412 - To improve timing, see the Timing Closure User Guide (UG612).
INFO:Timing:2752 - To get complete path coverage, use the unconstrained paths 
   option. All paths that are not constrained will be reported in the 
   unconstrained paths section(s) of the report.
INFO:Timing:3339 - The clock-to-out numbers in this timing report are based on 
   a 50 Ohm transmission line loading model.  For the details of this model, 
   and for more information on accounting for different loading conditions, 
   please see the device datasheet.
INFO:Timing:3390 - This architecture does not support a default System Jitter 
   value, please add SYSTEM_JITTER constraint to the UCF to modify the Clock 
   Uncertainty calculation.
INFO:Timing:3389 - This architecture does not support 'Discrete Jitter' and 
   'Phase Error' calculations, these terms will be zero in the Clock 
   Uncertainty calculation.  Please make appropriate modification to 
   SYSTEM_JITTER to account for the unsupported Discrete Jitter and Phase 
   Error.



Data Sheet report:
-----------------
All values displayed in nanoseconds (ns)

Setup/Hold to clock PB1
------------+------------+------------+------------------+--------+
            |Max Setup to|Max Hold to |                  | Clock  |
Source      | clk (edge) | clk (edge) |Internal Clock(s) | Phase  |
------------+------------+------------+------------------+--------+
Y<0>        |    0.334(R)|    1.386(R)|PB1_BUFGP         |   0.000|
Y<1>        |    1.169(R)|    0.719(R)|PB1_BUFGP         |   0.000|
Y<2>        |   -0.185(R)|    1.802(R)|PB1_BUFGP         |   0.000|
Y<3>        |    0.805(R)|    1.009(R)|PB1_BUFGP         |   0.000|
------------+------------+------------+------------------+--------+

Setup/Hold to clock PB2
------------+------------+------------+------------------+--------+
            |Max Setup to|Max Hold to |                  | Clock  |
Source      | clk (edge) | clk (edge) |Internal Clock(s) | Phase  |
------------+------------+------------+------------------+--------+
Y<0>        |   -1.844(R)|    4.318(R)|PB2_BUFGP         |   0.000|
Y<1>        |   -1.009(R)|    3.650(R)|PB2_BUFGP         |   0.000|
Y<2>        |   -1.196(R)|    3.807(R)|PB2_BUFGP         |   0.000|
------------+------------+------------+------------------+--------+

Setup/Hold to clock PB3
------------+------------+------------+------------------+--------+
            |Max Setup to|Max Hold to |                  | Clock  |
Source      | clk (edge) | clk (edge) |Internal Clock(s) | Phase  |
------------+------------+------------+------------------+--------+
Y<0>        |   -0.345(R)|    2.234(R)|PB3_BUFGP         |   0.000|
Y<1>        |    0.490(R)|    1.567(R)|PB3_BUFGP         |   0.000|
Y<2>        |    0.233(R)|    1.772(R)|PB3_BUFGP         |   0.000|
Y<3>        |    0.129(R)|    1.855(R)|PB3_BUFGP         |   0.000|
------------+------------+------------+------------------+--------+

Setup/Hold to clock PB4
------------+------------+------------+------------------+--------+
            |Max Setup to|Max Hold to |                  | Clock  |
Source      | clk (edge) | clk (edge) |Internal Clock(s) | Phase  |
------------+------------+------------+------------------+--------+
Y<0>        |    0.128(R)|    1.882(R)|PB4_BUFGP         |   0.000|
Y<1>        |    0.287(R)|    1.755(R)|PB4_BUFGP         |   0.000|
Y<2>        |    0.443(R)|    1.635(R)|PB4_BUFGP         |   0.000|
------------+------------+------------+------------------+--------+

Clock PB1 to Pad
------------+------------+------------------+--------+
            | clk (edge) |                  | Clock  |
Destination |   to PAD   |Internal Clock(s) | Phase  |
------------+------------+------------------+--------+
carry       |   16.636(R)|PB1_BUFGP         |   0.000|
z<0>        |   10.755(R)|PB1_BUFGP         |   0.000|
z<1>        |   10.907(R)|PB1_BUFGP         |   0.000|
z<2>        |   12.220(R)|PB1_BUFGP         |   0.000|
z<3>        |   13.446(R)|PB1_BUFGP         |   0.000|
z<4>        |   14.270(R)|PB1_BUFGP         |   0.000|
z<5>        |   15.394(R)|PB1_BUFGP         |   0.000|
z<6>        |   16.792(R)|PB1_BUFGP         |   0.000|
------------+------------+------------------+--------+

Clock PB2 to Pad
------------+------------+------------------+--------+
            | clk (edge) |                  | Clock  |
Destination |   to PAD   |Internal Clock(s) | Phase  |
------------+------------+------------------+--------+
carry       |   17.054(R)|PB2_BUFGP         |   0.000|
z<4>        |   14.509(R)|PB2_BUFGP         |   0.000|
z<5>        |   15.790(R)|PB2_BUFGP         |   0.000|
z<6>        |   17.210(R)|PB2_BUFGP         |   0.000|
------------+------------+------------------+--------+

Clock PB3 to Pad
------------+------------+------------------+--------+
            | clk (edge) |                  | Clock  |
Destination |   to PAD   |Internal Clock(s) | Phase  |
------------+------------+------------------+--------+
carry       |   18.037(R)|PB3_BUFGP         |   0.000|
z<0>        |   11.520(R)|PB3_BUFGP         |   0.000|
z<1>        |   11.730(R)|PB3_BUFGP         |   0.000|
z<2>        |   13.621(R)|PB3_BUFGP         |   0.000|
z<3>        |   14.847(R)|PB3_BUFGP         |   0.000|
z<4>        |   15.671(R)|PB3_BUFGP         |   0.000|
z<5>        |   16.795(R)|PB3_BUFGP         |   0.000|
z<6>        |   18.193(R)|PB3_BUFGP         |   0.000|
------------+------------+------------------+--------+

Clock PB4 to Pad
------------+------------+------------------+--------+
            | clk (edge) |                  | Clock  |
Destination |   to PAD   |Internal Clock(s) | Phase  |
------------+------------+------------------+--------+
carry       |   14.466(R)|PB4_BUFGP         |   0.000|
z<4>        |   12.095(R)|PB4_BUFGP         |   0.000|
z<5>        |   13.207(R)|PB4_BUFGP         |   0.000|
z<6>        |   14.622(R)|PB4_BUFGP         |   0.000|
------------+------------+------------------+--------+


Analysis completed Mon Jan 20 15:29:04 2020 
--------------------------------------------------------------------------------

Trace Settings:
-------------------------
Trace Settings 

Peak Memory Usage: 352 MB



